Goodbye from file editing! This is a test.
